=== G2 MEASUREMENT ===
settings: keep=1440 shot=106 aim=0.7 err=0.09 s/turn=7.5
matches per series: 100
G2 band: 45 %-55 %

--- player always first (shipped turn order) ---
  matches        : 100
  player win rate: 47.0 %  (47/100)
  first-mover    : 47.0 %
  average turns  : 39.4
  average length : 295s (model target 300s)
  G2 band        : INSIDE
--- alternating first move (balance isolated) ---
  matches        : 100
  player win rate: 53.0 %  (53/100)
  first-mover    : 47.0 %
  average turns  : 39.4
  average length : 295s (model target 300s)
  G2 band        : INSIDE

--- skill sensitivity (alternating, so turn order is neutral) ---
  aim +0.00 -> player win rate 53.0 %
  aim +0.01 -> player win rate 67.0 %
  aim +0.03 -> player win rate 94.0 %
  aim +0.05 -> player win rate 100.0 %
  aim +0.10 -> player win rate 100.0 %

--- seed stability (alternating, 4 seeds) ---
  seed       1: win 54.0 %  turns 39.4  295s
  seed    1000: win 52.0 %  turns 39.4  295s
  seed   20000: win 55.0 %  turns 39.4  295s
  seed  999983: win 48.0 %  turns 39.4  295s
UnityEngine.Debug:ExtractStackTraceNoAlloc (byte*,int,string)
UnityEngine.StackTraceUtility:ExtractStackTrace () (at /Users/bokken/build/output/unity/unity/Runtime/Export/Scripting/StackTrace.cs:35)
UnityEngine.DebugLogHandler:Internal_Log (UnityEngine.LogType,UnityEngine.LogOption,string,UnityEngine.Object)
UnityEngine.DebugLogHandler:LogFormat (UnityEngine.LogType,UnityEngine.Object,string,object[])
UnityEngine.Logger:Log (UnityEngine.LogType,object)
UnityEngine.Debug:Log (object)
CastleBusters.EditorTools.G2Measurement:Run () (at Assets/Editor/G2Measurement.cs:55)

(Filename: Assets/Editor/G2Measurement.cs Line: 55)
